
> visitor-parcel-frontend@0.0.0 test
> ng test --watch=false

node.exe : - Generating 
browser application bundles 
(phase: setup)...
At line:1 char:1
+ & "C:\Program 
Files\nodejs/node.exe" 
"C:\Program 
Files\nodejs/node_mo ...
+ ~~~~~~~~~~~~~~~~~~~~~~~~~~~
~~~~~~~~~~~~~~~~~~~~~~~~~~~~~
~~~~~~~~~~~~~
    + CategoryInfo           
   : NotSpecified: (- Gener  
  ating br...hase: setup).   
 ..:String) [], RemoteExc    
eption
    + FullyQualifiedErrorId  
   : NativeCommandError
 
Γ£ö Browser application 
bundle generation complete.

./src/app/core/guards/role.gu
ard.spec.ts:4:83-92 - Error: 
export 'roleGuard' (imported 
as 'roleGuard') was not 
found in './role.guard' 
(possible exports: RoleGuard)

Error: src/app/core/guards/ro
le.guard.spec.ts:4:10 - 
error TS2724: 
'"./role.guard"' has no 
exported member named 
'roleGuard'. Did you mean 
'RoleGuard'?

4 import { roleGuard } from 
'./role.guard';
           ~~~~~~~~~

  src/app/core/guards/role.gu
ard.ts:5:14
    5 export const 
RoleGuard: CanActivateFn = 
(route, state) => {
                   ~~~~~~~~~
    'RoleGuard' is declared 
here.



24 12 2025 15:44:36.633:INFO [karma-server]: Karma v6.4.4 server started at http://localhost:9876/
24 12 2025 15:44:36.656:INFO [launcher]: Launching browsers Chrome with concurrency unlimited
24 12 2025 15:44:36.658:ERROR [karma-server]: Error: Found 1 load error
    at Server.<anonymous> (C:\Users\pream\Downloads\matrimony\visitor-and-parcel-management-system-for-gated-communities-main\visitor-and-parcel-management-system-for-gated-communities-main\node_modules\karma\lib\server.js:243:26)
    at Object.onceWrapper (node:events:622:28)
    at Server.emit (node:events:520:35)
    at emitListeningNT (node:net:1983:10)
    at process.processTicksAndRejections (node:internal/process/task_queues:89:21)
Γ£ö Browser application 
bundle generation complete.
Γ£ö Browser application 
bundle generation complete.
